<?xml version="1.0" encoding="UTF-8"?>
<testsuites name="jest tests" tests="2" failures="0" errors="0" time="5.061">
  <testsuite name="Button component" errors="0" failures="0" skipped="0" timestamp="2026-07-16T21:46:14" time="0.901" tests="1">
    <testcase classname="Button component renders the Pay Now button" name="Button component renders the Pay Now button" time="0.088">
    </testcase>
  </testsuite>
  <testsuite name="Home Page" errors="0" failures="0" skipped="0" timestamp="2026-07-16T21:46:14" time="2.64" tests="1">
    <testcase classname="Home Page renders without crashing" name="Home Page renders without crashing" time="0.077">
    </testcase>
  </testsuite>
</testsuites>